Γû▓ Next.js 16.2.1 (Turbopack)
- Environments: .env.local

node.exe : ΓÜá The "middleware" file 
convention is deprecated. Please use 
"proxy" instead. Learn more: https://nex
tjs.org/docs/messages/middleware-to-prox
y
At line:1 char:1
+ & "C:\Program Files\nodejs/node.exe" 
"C:\Users\sarth\AppData\Roaming\ ...
+ ~~~~~~~~~~~~~~~~~~~~~~~~~~~~~~~~~~~~~~
~~~~~~~~~~~~~~~~~~~~~~~~~~~~~~~
    + CategoryInfo          : NotSpecif 
   ied: (ΓÜá The "middle...leware-to-p  
  roxy:String) [], RemoteException
    + FullyQualifiedErrorId : NativeCom 
   mandError
 
  Creating an optimized production build ...
Γ£ô Compiled successfully in 26.3s
  Running TypeScript ...
  Finished TypeScript in 38.4s ...
  Collecting page data using 19 workers ...
[ClauseWall] Total Groq keys loaded: 3
[ClauseWall] Total Groq keys loaded: 3
[ClauseWall] Total Groq keys loaded: 3
[ClauseWall] Total Groq keys loaded: 3
[ClauseWall] Total Groq keys loaded: 3
[ClauseWall] Total Groq keys loaded: 3
[ClauseWall] Total Groq keys loaded: 3
[ClauseWall] Total Groq keys loaded: 3
[ClauseWall] Gemini keys loaded: 3
[ClauseWall] Image analyze: Using Gemini 2.5 Flash...
[ClauseWall] Total Groq keys loaded: 3
[ClauseWall] Total Groq keys loaded: 3
[ClauseWall] Total Groq keys loaded: 3
[ClauseWall] Total Groq keys loaded: 3
[ClauseWall] Total Groq keys loaded: 3
[ClauseWall] Gemini keys loaded: 3
[ClauseWall] Image analyze: Using Gemini 2.5 Flash...
[ClauseWall] Total Groq keys loaded: 3
[ClauseWall] Total Groq keys loaded: 3
[ClauseWall] Gemini keys loaded: 3
[ClauseWall] Image analyze: Using Gemini 2.5 Flash...
[ClauseWall] Total Groq keys loaded: 3
[ClauseWall] Gemini keys loaded: 3
[ClauseWall] Image analyze: Using Gemini 2.5 Flash...
[ClauseWall] Total Groq keys loaded: 3
[ClauseWall] Gemini keys loaded: 3
[ClauseWall] Image analyze: Using Gemini 2.5 Flash...
[ClauseWall] Gemini keys loaded: 3
[ClauseWall] Image analyze: Using Gemini 2.5 Flash...
[ClauseWall] Gemini keys loaded: 3
[ClauseWall] Image analyze: Using Gemini 2.5 Flash...
[ClauseWall] Total Groq keys loaded: 3
[ClauseWall] Total Groq keys loaded: 3
  Generating static pages using 19 workers (0/131) ...
[ClauseWall] Gemini keys loaded: 3
[ClauseWall] Image analyze: Using Gemini 2.5 Flash...
  Generating static pages using 19 workers (32/131) 
  Generating static pages using 19 workers (65/131) 
[ClauseWall] Gemini keys loaded: 3
[ClauseWall] Image analyze: Using Gemini 2.5 Flash...
[ClauseWall] Gemini keys loaded: 3
[ClauseWall] Image analyze: Using Gemini 2.5 Flash...
  Generating static pages using 19 workers (98/131) 
Γ£ô Generating static pages using 19 workers (131/131) in 4.4s
  Finalizing page optimization ...

Route (app)
Γöî Γùï /
Γö£ Γùï /_not-found
Γö£ ╞Æ /analyze/[id]
Γö£ ╞Æ /api/adversarial
Γö£ ╞Æ /api/analyze
Γö£ ╞Æ /api/autopsy
Γö£ ╞Æ /api/badge/[id]
Γö£ ╞Æ /api/bot/status
Γö£ ╞Æ /api/bot/telegram
Γö£ ╞Æ /api/bot/telegram/setup
Γö£ ╞Æ /api/bot/trigger-analysis
Γö£ ╞Æ /api/builder/generate
Γö£ ╞Æ /api/collab/annotations
Γö£ ╞Æ /api/collab/create
Γö£ ╞Æ /api/collab/join
Γö£ ╞Æ /api/collab/votes
Γö£ ╞Æ /api/collective/[collectiveId]
Γö£ ╞Æ /api/collective/[collectiveId]/actions
Γö£ ╞Æ /api/collective/[collectiveId]/generate
Γö£ ╞Æ /api/collective/[collectiveId]/messages
Γö£ ╞Æ /api/collective/[collectiveId]/vote
Γö£ ╞Æ /api/collective/intelligence
Γö£ ╞Æ /api/collective/join
Γö£ ╞Æ /api/collective/leave
Γö£ ╞Æ /api/collective/legal-aid
Γö£ ╞Æ /api/collective/notifications
Γö£ ╞Æ /api/collective/user
Γö£ ╞Æ /api/community/check
Γö£ ╞Æ /api/compare
Γö£ ╞Æ /api/complaint/[filingId]
Γö£ ╞Æ /api/complaint/authorities
Γö£ ╞Æ /api/complaint/determine
Γö£ ╞Æ /api/complaint/fee
Γö£ ╞Æ /api/complaint/filing-guide
Γö£ ╞Æ /api/complaint/generate
Γö£ ╞Æ /api/complaint/hearing-prep
Γö£ ╞Æ /api/complaint/list
Γö£ ╞Æ /api/cron/daily
Γö£ ╞Æ /api/cron/deadlines
Γö£ ╞Æ /api/deliberation/[documentId]
Γö£ ╞Æ /api/deliberation/run
Γö£ ╞Æ /api/deliberation/single
Γö£ ╞Æ /api/escape
Γö£ ╞Æ /api/evidence/bundle/generate
Γö£ ╞Æ /api/evidence/capture/audio
Γö£ ╞Æ /api/evidence/capture/email
Γö£ ╞Æ /api/evidence/capture/receipt
Γö£ ╞Æ /api/evidence/capture/url
Γö£ ╞Æ /api/evidence/capture/whatsapp
Γö£ ╞Æ /api/evidence/cases
Γö£ ╞Æ /api/evidence/cases/[caseId]
Γö£ ╞Æ /api/evidence/certificate/generate
Γö£ ╞Æ /api/evidence/chain/verify
Γö£ ╞Æ /api/evidence/company
Γö£ ╞Æ /api/evidence/items
Γö£ ╞Æ /api/evidence/items/[itemId]
Γö£ ╞Æ /api/evidence/upload
Γö£ ╞Æ /api/explain
Γö£ ╞Æ /api/extension/analyze
Γö£ ╞Æ /api/flag-entity
Γö£ ╞Æ /api/generate-letter
Γö£ ╞Æ /api/graph/cases
Γö£ ╞Æ /api/graph/clause
Γö£ ╞Æ /api/graph/explore
Γö£ ╞Æ /api/graph/traverse
Γö£ ╞Æ /api/lawchange/impacts
Γö£ ╞Æ /api/lawchange/impacts/acknowledge
Γö£ ╞Æ /api/lawchange/notifications
Γö£ ╞Æ /api/lawchange/pending
Γö£ ╞Æ /api/lawchange/recent
Γö£ ╞Æ /api/lawchange/retroactive/[documentId]
Γö£ ╞Æ /api/lawchange/summary
Γö£ ╞Æ /api/negotiate/generate
Γö£ ╞Æ /api/negotiate/live/bluff-check
Γö£ ╞Æ /api/negotiate/live/camera-ocr
Γö£ ╞Æ /api/negotiate/live/counter-argument
Γö£ ╞Æ /api/negotiate/live/lookup
Γö£ ╞Æ /api/negotiate/live/transcribe
Γö£ ╞Æ /api/og/[id]
Γö£ ╞Æ /api/poisonpill/[documentId]
Γö£ ╞Æ /api/poisonpill/reanalyze
Γö£ ╞Æ /api/quick-scan
Γö£ ╞Æ /api/reanalyze
Γö£ ╞Æ /api/reasoning/challenge
Γö£ ╞Æ /api/reasoning/explain-step
Γö£ ╞Æ /api/reasoning/proof/[clauseId]
Γö£ ╞Æ /api/reasoning/prove
Γö£ ╞Æ /api/rewrite
Γö£ ╞Æ /api/roast
Γö£ ╞Æ /api/ruin-calculator
Γö£ ╞Æ /api/ruin-calculator/stress-test
Γö£ ╞Æ /api/shadow/[documentId]
Γö£ ╞Æ /api/shadow/analyze
Γö£ ╞Æ /api/shadow/parse-preview
Γö£ ╞Æ /api/shadow/report/[documentId]
Γö£ ╞Æ /api/simulate
Γö£ ╞Æ /api/statemachine/[documentId]
Γö£ ╞Æ /api/statemachine/extract
Γö£ ╞Æ /api/statemachine/path
Γö£ ╞Æ /api/statemachine/simulate
Γö£ ╞Æ /api/test-gemini
Γö£ ╞Æ /api/timebomb/[documentId]
Γö£ ╞Æ /api/timebomb/action-letter/[deadlineId]
Γö£ ╞Æ /api/timebomb/activate
Γö£ ╞Æ /api/timebomb/calendar/[documentId]
Γö£ ╞Æ /api/timebomb/defuse
Γö£ ╞Æ /api/timebomb/notifications
Γö£ ╞Æ /api/timebomb/notifications/read
Γö£ ╞Æ /api/timebomb/reminder-settings
Γö£ ╞Æ /api/vault/[analysisId]
Γö£ ╞Æ /api/vault/analyze
Γö£ ╞Æ /api/vault/documents
Γö£ ╞Æ /api/vault/latest
Γö£ ╞Æ /api/vault/whatif
Γö£ ╞Æ /api/verify-clauses
Γö£ ╞Æ /api/verify/generate
Γö£ ╞Æ /api/voice-aid/languages
Γö£ ╞Æ /api/voice-aid/process
Γö£ ╞Æ /api/voice-aid/session
Γö£ ╞Æ /api/voice-aid/tts
Γö£ ╞Æ /api/voice/respond
Γö£ ╞Æ /api/watchdog/alerts
Γö£ ╞Æ /api/watchdog/campaigns
Γö£ ╞Æ /api/watchdog/campaigns/[id]
Γö£ ╞Æ /api/watchdog/campaigns/[id]/sign
Γö£ ╞Æ /api/watchdog/changes
Γö£ ╞Æ /api/watchdog/changes/[id]
Γö£ ╞Æ /api/watchdog/companies
Γö£ ╞Æ /api/watchdog/companies/[slug]
Γö£ ╞Æ /api/watchdog/leaderboard
Γö£ ╞Æ /api/watchdog/scrape
Γö£ ╞Æ /api/watchdog/watchlist
Γö£ ╞Æ /auth/callback
Γö£ Γùï /auth/login
Γö£ Γùï /auth/signup
Γö£ ╞Æ /battle/[id]
Γö£ Γùï /builder
Γö£ ╞Æ /builder/[type]
Γö£ ╞Æ /builder/preview/[id]
Γö£ ╞Æ /collab/[roomCode]
Γö£ Γùï /collective
Γö£ ╞Æ /collective/[collectiveId]
Γö£ Γùï /compare
Γö£ Γùï /complaint
Γö£ ╞Æ /complaint/[documentId]
Γö£ Γùï /dashboard
Γö£ ╞Æ /escape/[id]
Γö£ Γùï /evidence
Γö£ ╞Æ /evidence/[caseId]
Γö£ ╞Æ /evidence/[caseId]/bundle
Γö£ Γùï /evidence/new
Γö£ Γùï /lawchange
Γö£ ╞Æ /letter/[id]
Γö£ ╞Æ /negotiate/[id]
Γö£ Γùï /negotiate/live
Γö£ ╞Æ /results/[id]
Γö£ ╞Æ /ruin-calculator/[id]
Γö£ Γùï /shadow
Γö£ ╞Æ /shadow/[documentId]
Γö£ ╞Æ /simulate/[id]
Γö£ ╞Æ /statemachine/[id]
Γö£ ╞Æ /timebomb/[documentId]
Γö£ Γùï /upload
Γö£ Γùï /vault
Γö£ ╞Æ /verify/[id]
Γö£ Γùï /voice
Γö£ Γùï /wall-of-shame
Γö£ Γùï /watchdog
Γö£ Γùï /watchdog/campaigns
Γö£ ╞Æ /watchdog/campaigns/[id]
Γö£ ╞Æ /watchdog/changes/[id]
Γö£ ╞Æ /watchdog/companies
Γö£ ╞Æ /watchdog/companies/[slug]
Γö£ Γùï /watchdog/leaderboard
Γö£ Γùï /watchdog/settings
Γöö Γùï /wrapped


╞Æ Proxy (Middleware)

Γùï  (Static)   prerendered as static content
╞Æ  (Dynamic)  server-rendered on demand

